node : Error: Cannot find module 'yargs'
At line:1 char:1
+ node --experimental-vm-modules node_modules/jest/bin/jest.js src/__te ...
+ ~~~~~~~~~~~~~~~~~~~~~~~~~~~~~~~~~~~~~~~~~~~~~~~~~~~~~~~~~~~~~~~~~~~~~
    + CategoryInfo          : NotSpecified: (Error: Cannot find module 'yargs' 
   :String) [], RemoteException
    + FullyQualifiedErrorId : NativeCommandError
 
Require stack:
- C:\Users\D INGREDEBLE 
JP\Desktop\chronopay1\node_modules\jest-cli\build\run.js
- C:\Users\D INGREDEBLE 
JP\Desktop\chronopay1\node_modules\jest-cli\build\index.js
- C:\Users\D INGREDEBLE JP\Desktop\chronopay1\node_modules\jest-cli\bin\jest.js
- C:\Users\D INGREDEBLE JP\Desktop\chronopay1\node_modules\jest\bin\jest.js
    at Function._resolveFilename (node:internal/modules/cjs/loader:1249:15)
    at Function._load (node:internal/modules/cjs/loader:1075:27)
    at TracingChannel.traceSync (node:diagnostics_channel:322:14)
    at wrapModuleLoad (node:internal/modules/cjs/loader:219:24)
    at Module.require (node:internal/modules/cjs/loader:1340:12)
    at require (node:internal/modules/helpers:138:16)
    at _yargs (C:\Users\D INGREDEBLE 
JP\Desktop\chronopay1\node_modules\jest-cli\build\run.js:30:39)
    at buildArgv (C:\Users\D INGREDEBLE 
JP\Desktop\chronopay1\node_modules\jest-cli\build\run.js:149:26)
    at Object.run (C:\Users\D INGREDEBLE 
JP\Desktop\chronopay1\node_modules\jest-cli\build\run.js:124:24)
    at Object.<anonymous> (C:\Users\D INGREDEBLE 
JP\Desktop\chronopay1\node_modules\jest-cli\bin\jest.js:16:17)
